
  Determining projects to restore...
  All projects are up-to-date for restore.
  Passage.Core -> C:\Users\Adam\Downloads\Passage Screenwriting Software - 2\Passage\Passage.Core\bin\Debug\net9.0\Passage.Core.dll
C:\Users\Adam\Downloads\Passage Screenwriting Software - 2\Passage\Passage.Parser\ScreenplayModel.cs(483,48): error CS8603: Possible null reference return. [C:\Users\Adam\Downloads\Passage Screenwriting Software - 2\Passage\Passage.Parser\Passage.Parser.csproj]
C:\Users\Adam\Downloads\Passage Screenwriting Software - 2\Passage\Passage.Parser\ScreenplayModel.cs(202,44): error CS8604: Possible null reference argument for parameter 'value' in 'string ScreenplayElement.BuildPreviewText(string value)'. [C:\Users\Adam\Downloads\Passage Screenwriting Software - 2\Passage\Passage.Parser\Passage.Parser.csproj]
C:\Program Files\dotnet\sdk\9.0.100\Microsoft.Common.CurrentVersion.targets(2132,5): error MSB4181: The "MSBuild" task returned false but did not log an error. [C:\Users\Adam\Downloads\Passage Screenwriting Software - 2\Passage\Passage.App\Passage.App.csproj]

Build FAILED.

C:\Users\Adam\Downloads\Passage Screenwriting Software - 2\Passage\Passage.Parser\ScreenplayModel.cs(483,48): error CS8603: Possible null reference return. [C:\Users\Adam\Downloads\Passage Screenwriting Software - 2\Passage\Passage.Parser\Passage.Parser.csproj]
C:\Users\Adam\Downloads\Passage Screenwriting Software - 2\Passage\Passage.Parser\ScreenplayModel.cs(202,44): error CS8604: Possible null reference argument for parameter 'value' in 'string ScreenplayElement.BuildPreviewText(string value)'. [C:\Users\Adam\Downloads\Passage Screenwriting Software - 2\Passage\Passage.Parser\Passage.Parser.csproj]
C:\Program Files\dotnet\sdk\9.0.100\Microsoft.Common.CurrentVersion.targets(2132,5): error MSB4181: The "MSBuild" task returned false but did not log an error. [C:\Users\Adam\Downloads\Passage Screenwriting Software - 2\Passage\Passage.App\Passage.App.csproj]
    0 Warning(s)
    3 Error(s)

Time Elapsed 00:00:07.33
